../Core/Src/main.c:87:5:main	8	static,ignoring_inline_asm
../Core/Src/main.c:133:6:SystemClock_Config	72	static
../Core/Src/main.c:173:13:MX_I2C1_Init	8	static
../Core/Src/main.c:207:13:MX_USART2_UART_Init	8	static
../Core/Src/main.c:240:13:MX_GPIO_Init	40	static
../Core/Src/main.c:283:19:L9916_Write_OTP	48	static
../Core/Src/main.c:313:19:L9916_Read_OTP	32	static
../Core/Src/main.c:329:6:Error_Handler	4	static
../Core/Src/main.c:337:6:Entering_program_mode	24	static
../Core/Src/main.c:384:6:OTP_Write	32	static
../Core/Src/main.c:405:6:OTP_WaitForCompletion	24	static
../Core/Src/main.c:417:6:OTP_programming	8	static
